---
source: crates/gnomon-tui/src/sunburst/snapshot_tests.rs
expression: rendered
---
[_]                                                                                                
[_]                                                                                                
[_]                                                                                                
[_]                                                                                                
[_]                                                                                                
[_]                                                                                                
[_]                                                                                                
[_]              [107]▄▄▖[_]                                                                               
[_]            [107]▄████▙▖[_]                                                                             
[_]          [107]▗▟███████▙▄[_]                [67]▗▄▄▟██████████████▙▄▄▖[_]                                     
[_]         [107]▟████████████▄[_]          [67]▄▄██████████████████████████▄▄[_]                                 
[_]       [107]▗▟███████████████▄[_]     [67]▄▟████████████████████████████████▙▄[_]                              
[_]      [107]▗███████████████████▙▖[67]▟██████████████████████████████████████▙▖[_]                           
[_]     [107]▗███████████████████[wht]▗▟█▙▖[67]███████████████████████████████████████▙▖[_]                         
[_]    [107]▗███████████████████[wht]▟██████▄[67]███████████████████████████████████████▙[_]                        
[_]    [107]▟█████████████████[wht]▗▟█████████▄[67]██████████████████████████████████████▙▖[_]                      
[_]   [107]▐█████████████████[wht]▗█████████████▄▖[67]██████████▀▀█████████████████████████▖[_]                     
[_]   [107]▀▀▀██████████████[wht]▗████████████████▙▖[67]██▀▀[_]          [67]▀▀████████████████████▖[_]                    
[_]  [73]▐████████[107]▀▀▀▀▀████[wht]▟██████████████████▘[_]                [67]▀██████████████████▙[_]                    
[_]  [73]▟████████████████[wht]▗█████████████████▛[_]                    [67]▜█████████████████▖[_]                   
[_]  [73]█████████████████[wht]▐█████████████████[_]                      [67]█████████████████▌[_]                   
[_]  [73]█████████████████[wht]█████████████████▌[_]                      [67]▐█████████████████[_]                   
[_]  [73]█████████████████[wht]█████████████████▌[_]                      [67]▐█████████████████[_]                   
[_]  [73]█████████████████[wht]▐█████████████████[_]                      [67]█████████████████▌[_]                   
[_]  [73]▜████████████████[wht]▝█████████████████▙[_]                    [67]▟█████████████████▘[_]                   
[_]  [73]▐█████████████████[wht]▜██████████████████▄[_]                [67]▄██████████████████▛[_]                    
[_]   [73]█████████████████[wht]▝████████████████████▄▄[_]          [67]▄▄████████████████████▘[_]                    
[_]   [73]▐█████████████████[wht]▝█████████████████████████▄▄█▖[67]███████████████████████▘[_]                     
[_]    [73]▜█████████████████[wht]▝▜██████████████████████████▌[67]█████████████████████▛▘[_]                      
[_]    [73]▝███████████████████[wht]▜██████████████████████████[67]████████████████████▛[_]                        
[_]     [73]▝███████████████▀▀██[wht]▝▜████████████████████████▌[67]█████████████████▛▘[_]                         
[_]      [73]▝███████████▀▟███████[wht]▝▜██████████████████████▙[67]███████████████▛▘[_]                           
[_]       [73]▝▜██████▀▟█████████████[wht]▀▜████████████████████▖[67]███████████▛▀[_]                              
[_]         [73]▜██▀▟███████████████████[wht]▀▀█████████████████▌[67]████████▀▀[_]                                 
[_]          [73]▝▜█████████████████████████[wht]▝▀▀▜████████████[67]██▛▀▀▘[_]                                     
[_]            [73]▀████████████████████████████████████████[_]                                           
[_]              [73]▀██████████████████████████████████████▖[_]                                          
[_]                [73]▀▜███████████████████████████████████▌[_]                                          
[_]                  [73]▝▀██████████████████████████████████[_]                                          
[_]                     [73]▝▀███████████████████████████████▌[_]                                         
[_]                         [73]▀▀███████████████████████████▙[_]                                         
[_]                             [73]▀▀▜███████████████████████[_]                                         
[_]                                   [73]▀▀▀▀▜███████████████▌[_]                                        
[_]
