---
source: crates/gnomon-tui/src/sunburst/snapshot_tests.rs
expression: fixed
---
[gry]┌[DarkGray]◦ Map[gry]─────────────────────────────────┐
[gry]│[_]                   [179]▄▄▄▄▄▖[_]             [gry]│
[gry]│[_]                   [179]████████▄▄[_]         [gry]│
[gry]│[_]                   [179]███████████▙▖[_]      [gry]│
[gry]│[_]                [73]▗▄▄[wht]▄▄▖[179]██████████▙▖[_]    [gry]│
[gry]│[_]            [73]▄▟█████[wht]█████▙▄[179]████████▄[_]   [gry]│
[gry]│[_]          [73]▄████████[wht]████████▄[179]███████▙[_]  [gry]│
[gry]│[_]        [73]▗██████████[wht]██████████▖[179]██████▌[_] [gry]│
[gry]│[_]        [73]██████[gry]         [wht]███████[179]███████[_] [gry]│
[gry]│[_]       [73]▐██████[gry]         [wht]▐██████▌[179]██████[_] [gry]│
[gry]│[_]       [73]▐██████[gry]lens:   |[wht]▐██████▌[179]██████[_] [gry]│
[gry]│[_]        [73]███████▙[wht]▖[_]    [wht]▗▟███████[179]███████[_] [gry]│
[gry]│[_]        [73]▝█████[wht]▄██████████████▘[179]██████▌[_] [gry]│
[gry]│[_]          [73]▀█[wht]▗██████████████▀[107]█▄[179]▜████▛[_]  [gry]│
[gry]│[_]           [107]▗[wht]▀▜██████████▛▀[107]██████▄[179]▜▀[_]   [gry]│
[gry]│[_]          [107]▄█████[wht]▝▀▀▀▀▘[107]██████████▛▘[_]    [gry]│
[gry]│[_]        [107]▗▟████████████████████▛▘[_]      [gry]│
[gry]│[_]         [107]▀▀████████████████▀▀[_]         [gry]│
[gry]│[_]             [107]▝▀▀▀▀▀▀▀▀▀▀▘[_]             [gry]│
[gry]└──────────────────────────────────────┘
