---
source: crates/gnomon-tui/src/sunburst/snapshot_tests.rs
expression: rendered
---
[gry]┌[DarkGray]◦ Map[gry]─────────────────────────────────┐
[gry]│[_]             [107]▗▄▄▄▄▄[wht]▄▄▄▄▄▖[_]             [gry]│
[gry]│[_]         [107]▄▄████████[wht]████████▄▄[_]         [gry]│
[gry]│[_]      [73]▗▟█[107]▜█████████[wht]███████████▙▖[_]      [gry]│
[gry]│[_]    [73]▗▟████▙[107]████████[wht]█████████████▙▖[_]    [gry]│
[gry]│[_]   [73]▄████████[107]▜██████[wht]███████████████▄[_]   [gry]│
[gry]│[_]  [73]▟██████████▙[107]█████[wht]████████████████▙[_]  [gry]│
[gry]│[_] [73]▐█████████████[107]▜███[wht]█████████████████▌[_] [gry]│
[gry]│[_] [73]█████████████[gry]         [wht]██████████████[_] [gry]│
[gry]│[_] [73]█████████████[gry]         [wht]▐█████████████[_] [gry]│
[gry]│[_] [73]█████████████[gry]lens:   |[wht]▐█████████████[_] [gry]│
[gry]│[_] [73]██████████████▙[wht]▖[_]    [wht]▗▟██████████████[_] [gry]│
[gry]│[_] [73]▐████████████[wht]▗█████████████████████▌[_] [gry]│
[gry]│[_]  [73]▜█████████[wht]▗▟█████████████████████▛[_]  [gry]│
[gry]│[_]   [73]▀███████[wht]▄██████████████████████▀[_]   [gry]│
[gry]│[_]    [73]▝▜███[wht]▄██████████████████████▛▘[_]    [gry]│
[gry]│[_]      [73]▝[wht]▗▟█████████████████████▛▘[_]      [gry]│
[gry]│[_]         [wht]▀▀████████████████▀▀[_]         [gry]│
[gry]│[_]             [wht]▝▀▀▀▀▀▀▀▀▀▀▘[_]             [gry]│
[gry]└──────────────────────────────────────┘
