---
source: crates/gnomon-tui/src/sunburst/snapshot_tests.rs
expression: rendered
---
[gry]┌[DarkGray]◦ Map[gry]─────────────────────────────────┐
[gry]│[_]                   [107]▄▄▄▄▄▖[_]             [gry]│
[gry]│[_]                   [107]████████▄▄[_]         [gry]│
[gry]│[_]                   [107]███████████▙▖[_]      [gry]│
[gry]│[_]                [73]▗▄▄[107]▀▀▜██████████▙▖[_]    [gry]│
[gry]│[_]            [73]▄▟█████[67]█████▙[107]▀████████▄[_]   [gry]│
[gry]│[_]          [73]▄████████[67]████████[107]▀███████▙[_]  [gry]│
[gry]│[_]        [73]▗██████████[67]██████████[107]▜██████▌[_] [gry]│
[gry]│[_]        [73]██████[gry]█▛▘    ▝▜[67]███████[107]███████[_] [gry]│
[gry]│[_]       [73]▐██████[gry]▌        [67]▐██████[107]▐██████[_] [gry]│
[gry]│[_]       [73]▐██████[gry]lens:   |[67]▐██████[107]▐██████[_] [gry]│
[gry]│[_]        [73]███████▙▖[_]    [67]▗▟███████[107]███████[_] [gry]│
[gry]│[_]        [73]▝██████████[67]██████████[179]▟██▙▄▄▄[107]▌[_] [gry]│
[gry]│[_]          [73]▀████████[67]████████[179]▄███████▛[_]  [gry]│
[gry]│[_]            [73]▀▜█████[67]█████▛[179]▄████████▀[_]   [gry]│
[gry]│[_]                [73]▝▀▀[179]▄▄▟██████████▛▘[_]    [gry]│
[gry]│[_]                   [179]███████████▛▘[_]      [gry]│
[gry]│[_]                   [179]████████▀▀[_]         [gry]│
[gry]│[_]                   [179]▀▀▀▀▀▘[_]             [gry]│
[gry]└──────────────────────────────────────┘
