---
source: crates/gnomon-tui/src/sunburst/snapshot_tests.rs
expression: rendered
---
[gry]┌[DarkGray]◦ Map[gry]─────────────────────────────────┐
[gry]│[_]             [107]▗▄▄▄▄▄[67]▄▄▄▄▄▖[_]             [gry]│
[gry]│[_]         [107]▄▄████████[67]████████▄▄[_]         [gry]│
[gry]│[_]      [73]▗▟█[107]▜█████████[67]███████████▙▖[_]      [gry]│
[gry]│[_]    [73]▗▟████▙[107]████████[67]█████████████▙▖[_]    [gry]│
[gry]│[_]   [73]▄████████[107]▜██████[67]███████████████▄[_]   [gry]│
[gry]│[_]  [73]▟██████████▙[107]█████[67]████████████████▙[_]  [gry]│
[gry]│[_] [73]▐█████████████[107]▜███[67]█████████████████▌[_] [gry]│
[gry]│[_] [73]█████████████[gry]█▛▘    ▝▜[67]██████████████[_] [gry]│
[gry]│[_] [73]█████████████[gry]▌        [67]▐█████████████[_] [gry]│
[gry]│[_] [73]█████████████[gry]lens:   |[67]▐█████████████[_] [gry]│
[gry]│[_] [73]██████████████▙[67]▖[_]    [67]▗▟██████████████[_] [gry]│
[gry]│[_] [73]▐████████████▛[67]█████████████████████▌[_] [gry]│
[gry]│[_]  [73]▜█████████▛[67]▟█████████████████████▛[_]  [gry]│
[gry]│[_]   [73]▀███████▀[67]██████████████████████▀[_]   [gry]│
[gry]│[_]    [73]▝▜███▀[67]██████████████████████▛▘[_]    [gry]│
[gry]│[_]      [73]▝▀[67]▟█████████████████████▛▘[_]      [gry]│
[gry]│[_]         [67]▀▀████████████████▀▀[_]         [gry]│
[gry]│[_]             [67]▝▀▀▀▀▀▀▀▀▀▀▘[_]             [gry]│
[gry]└──────────────────────────────────────┘
